// Jest Snapshot v1, https://goo.gl/fbAQLP

exports[`Snapshot for Returns 1`] = `
<div>
  <div
    class="container"
  >
    <p>
      Loading ...
    </p>
  </div>
</div>
`;
